effort=low wall=121.5s finish=stop
prompt: 98 tok at 17.3 tok/s
gen:    692 tok at 5.97 tok/s
draft:  505/760 accepted
--- reasoning (first 300 chars) ---
Let me work through this step by step.

1. The farmer has 17 sheep.
2. "All but 9 run away" — this means 9 remain. (This is a classic trick question where people might subtract 9 from 17, but "all but 9" means 9 are left.)
3. He buys twice as many as he has left: 9 * 2 = 18 more sheep. Total is now 
--- answer ---
## Step-by-Step

| Step | Operation | Count |
|------|-----------|-------|
| Start | Initial sheep | 17 |
| 1 | All **but 9** run away → 9 remain | 9 |
| 2 | Buys twice as many as he has left (9 × 2 = 18) | 27 |
| 3 | Sells a third of the total (27 ÷ 3 = 9) | **18** |

**He has 18 sheep.**

> The trick in step 1: "all but 9" means 9 are *left*, not that 9 leave.

## Python Function

```python
def sheep_count(initial: int, remaining_after_runaway: int, buy_multiplier: int, sell_fraction_numerator: int, sell_fraction_denominator: int) -> int:
    """
    General version of the sheep problem.

    Args:
        initial:                 Starting number of sheep.
        remaining_after_runaway: "All but N" run away → N remain.
        buy_multiplier:          He buys this many times what he has left.
        sell_fraction_numerator: Numerator of the fraction sold.
        sell_fraction_denominator: Denominator of the fraction sold.

    Returns:
        Final number of sheep.
    """
    # Step 1: all but `remaining_after_runaway` run away
    count = remaining_after_runaway

    # Step 2: buys `buy_multiplier` times what he has left
    count = count * (1 + buy_multiplier)

    # Step 3: sells a fraction of the total
    sold = count * sell_fraction_numerator // sell_fraction_denominator
    count -= sold

    return count


# Verify with the specific problem
print(sheep_count(17, 9, 2, 1, 3))  # → 18
```

The `initial` parameter is kept for completeness (it's not used in the arithmetic since "all but 9" overrides it), but it documents the full scenario and could be useful if you wanted to add a validation that `remaining_after_runaway <= initial`.
